// Jest Snapshot v1, https://goo.gl/fbAQLP

exports[`write-owl generates owl, empty graph 1`] = `
"@prefix schema: <http://schema.org/> .
@prefix rdf: <http://www.w3.org/1999/02/22-rdf-syntax-ns#> .
@prefix xsd: <http://www.w3.org/2001/XMLSchema#> .
@prefix rdfs: <http://www.w3.org/2000/01/rdf-schema#> .
@prefix owl: <http://www.w3.org/2002/07/owl#> .
@prefix skos: <http://www.w3.org/2004/02/skos/core#> .
@prefix dcterms: <http://purl.org/dc/terms/> .
@prefix foaf: <http://xmlns.com/foaf/0.1/> .
@prefix cpov: <http://data.europa.eu/m8g/> .
@prefix a4g: <http://data.europa.eu/a4g/ontology#> .
@prefix sfrml: <http://data.europa.eu/a4g/mapping/sf-rml/> .
@prefix a4g_shape: <http://data.europa.eu/a4g/data-shape#> .
@prefix eli: <http://data.europa.eu/eli/ontology#> .
@prefix m8g: <http://data.europa.eu/m8g/> .
@prefix time: <http://www.w3.org/2006/time#> .
@prefix person: <http://www.w3.org/ns/person#> .
@prefix locn: <http://www.w3.org/ns/locn#> .
@prefix shacl: <http://www.w3.org/ns/shacl#> .
@prefix org: <http://www.w3.org/ns/org#> .
@prefix adms: <http://www.w3.org/ns/adms#> .
@prefix rml: <http://semweb.mmlab.be/ns/rml#> .
@prefix r2rml: <http://www.w3.org/ns/r2rml#> .
@prefix at: <http://publications.europa.eu/ontology/authority/> .
@prefix atold: <http://publications.europa.eu/resource/authority/> .
"
`;
